Failed to build
Failed to build Docker daemon
Failed to build Docker daemon
